nohup: 忽略输入
[ft depol 0.005] it=10 valSWPE=-13.47 dB best=-13.47
[ft depol 0.005] it=20 valSWPE=-18.63 dB best=-18.63
[ft depol 0.005] it=30 valSWPE=-21.97 dB best=-21.97
[ft depol 0.005] it=40 valSWPE=-31.64 dB best=-31.64
[ft depol 0.005] it=50 valSWPE=-44.82 dB best=-44.82
[ft depol 0.005] it=60 valSWPE=-46.17 dB best=-46.17
[ft depol 0.005] it=70 valSWPE=-42.82 dB best=-46.17
[ft depol 0.005] it=80 valSWPE=-45.61 dB best=-46.17
[ft depol 0.005] it=90 valSWPE=-49.12 dB best=-49.12
[ft depol 0.005] it=100 valSWPE=-50.55 dB best=-50.55
[ft depol 0.005] it=110 valSWPE=-53.63 dB best=-53.63
[ft depol 0.005] it=120 valSWPE=-54.97 dB best=-54.97
[ft depol 0.005] it=130 valSWPE=-57.12 dB best=-57.12
[ft depol 0.005] it=10 valSWPE=-13.47 dB best=-13.47
[ft depol 0.005] it=20 valSWPE=-18.63 dB best=-18.63
[ft depol 0.005] it=30 valSWPE=-21.97 dB best=-21.97
[ft depol 0.005] it=40 valSWPE=-31.64 dB best=-31.64
[ft depol 0.005] it=50 valSWPE=-44.82 dB best=-44.82
[ft depol 0.005] it=60 valSWPE=-46.17 dB best=-46.17
[ft depol 0.005] it=70 valSWPE=-42.82 dB best=-46.17
[ft depol 0.005] it=80 valSWPE=-45.61 dB best=-46.17
[ft depol 0.005] it=90 valSWPE=-49.12 dB best=-49.12
[ft depol 0.005] it=100 valSWPE=-50.55 dB best=-50.55
[ft depol 0.005] it=110 valSWPE=-53.63 dB best=-53.63
[ft depol 0.005] it=120 valSWPE=-54.97 dB best=-54.97
[ft depol 0.005] it=130 valSWPE=-57.12 dB best=-57.12
[ft depol 0.005] it=140 valSWPE=-56.43 dB best=-57.12
[ft depol 0.005] it=150 valSWPE=-58.04 dB best=-58.04
[ft depol 0.005] it=160 valSWPE=-57.69 dB best=-58.04
[ft depol 0.005] it=170 valSWPE=-57.81 dB best=-58.04
[ft depol 0.005] it=180 valSWPE=-58.81 dB best=-58.81
[ft depol 0.005] it=190 valSWPE=-58.64 dB best=-58.81
[ft depol 0.005] it=200 valSWPE=-58.80 dB best=-58.81
[ft depol 0.005] it=210 valSWPE=-59.73 dB best=-59.73
[ft depol 0.005] it=220 valSWPE=-59.45 dB best=-59.73
[ft depol 0.005] it=230 valSWPE=-60.56 dB best=-60.56
[ft depol 0.005] it=240 valSWPE=-60.99 dB best=-60.99
[ft depol 0.005] it=250 valSWPE=-61.10 dB best=-61.10
[ft depol 0.005] it=260 valSWPE=-61.35 dB best=-61.35
[ft depol 0.005] it=270 valSWPE=-62.13 dB best=-62.13
[ft depol 0.005] it=280 valSWPE=-61.77 dB best=-62.13
[ft depol 0.005] it=290 valSWPE=-61.47 dB best=-62.13
[ft depol 0.005] it=300 valSWPE=-61.86 dB best=-62.13
[ft depol 0.005] it=310 valSWPE=-62.52 dB best=-62.52
[ft depol 0.005] it=320 valSWPE=-62.70 dB best=-62.70
[ft depol 0.005] it=330 valSWPE=-63.21 dB best=-63.21
[ft depol 0.005] it=340 valSWPE=-63.14 dB best=-63.21
[ft depol 0.005] it=350 valSWPE=-62.99 dB best=-63.21
[ft depol 0.005] it=360 valSWPE=-63.21 dB best=-63.21
[ft depol 0.005] it=370 valSWPE=-63.34 dB best=-63.34
[ft depol 0.005] it=380 valSWPE=-63.48 dB best=-63.48
[ft depol 0.005] it=390 valSWPE=-64.15 dB best=-64.15
[ft depol 0.005] it=400 valSWPE=-64.23 dB best=-64.23
[ft depol 0.005] it=410 valSWPE=-64.69 dB best=-64.69
[ft depol 0.005] it=420 valSWPE=-65.00 dB best=-65.00
[ft depol 0.005] it=430 valSWPE=-65.23 dB best=-65.23
[ft depol 0.005] it=440 valSWPE=-65.22 dB best=-65.23
[ft depol 0.005] it=450 valSWPE=-64.94 dB best=-65.23
[ft depol 0.005] it=460 valSWPE=-64.99 dB best=-65.23
[ft depol 0.005] it=470 valSWPE=-65.28 dB best=-65.28
[ft depol 0.005] it=480 valSWPE=-65.56 dB best=-65.56
[ft depol 0.005] it=490 valSWPE=-65.48 dB best=-65.56
[ft depol 0.005] it=500 valSWPE=-65.42 dB best=-65.56
[ft depol 0.005] it=510 valSWPE=-65.49 dB best=-65.56
[ft depol 0.005] it=520 valSWPE=-65.66 dB best=-65.66
[ft depol 0.005] it=530 valSWPE=-65.83 dB best=-65.83
[ft depol 0.005] it=540 valSWPE=-66.00 dB best=-66.00
[ft depol 0.005] it=550 valSWPE=-66.18 dB best=-66.18
[ft depol 0.005] it=560 valSWPE=-66.33 dB best=-66.33
[ft depol 0.005] it=570 valSWPE=-66.35 dB best=-66.35
[ft depol 0.005] it=580 valSWPE=-66.38 dB best=-66.38
[ft depol 0.005] it=590 valSWPE=-66.42 dB best=-66.42
[ft depol 0.005] it=600 valSWPE=-66.69 dB best=-66.69
[ft depol 0.005] it=610 valSWPE=-66.86 dB best=-66.86
[ft depol 0.005] it=620 valSWPE=-67.07 dB best=-67.07
[ft depol 0.005] it=630 valSWPE=-67.31 dB best=-67.31
[ft depol 0.005] it=640 valSWPE=-67.39 dB best=-67.39
[ft depol 0.005] it=650 valSWPE=-67.51 dB best=-67.51
[ft depol 0.005] it=660 valSWPE=-67.63 dB best=-67.63
[ft depol 0.005] it=670 valSWPE=-67.75 dB best=-67.75
[ft depol 0.005] it=680 valSWPE=-67.88 dB best=-67.88
[ft depol 0.005] it=690 valSWPE=-68.01 dB best=-68.01
[ft depol 0.005] it=700 valSWPE=-68.14 dB best=-68.14
[ft depol 0.005] it=710 valSWPE=-68.55 dB best=-68.55
[ft depol 0.005] it=720 valSWPE=-68.98 dB best=-68.98
[ft depol 0.005] it=730 valSWPE=-69.41 dB best=-69.41
[ft depol 0.005] it=740 valSWPE=-69.85 dB best=-69.85
[ft depol 0.005] it=750 valSWPE=-70.20 dB best=-70.20
[ft depol 0.005] it=760 valSWPE=-70.46 dB best=-70.46
[ft depol 0.005] it=770 valSWPE=-70.72 dB best=-70.72
[ft depol 0.005] it=780 valSWPE=-70.99 dB best=-70.99
[ft depol 0.005] it=790 valSWPE=-71.23 dB best=-71.23
[ft depol 0.005] it=800 valSWPE=-71.21 dB best=-71.23
[ft depol 0.005] it=810 valSWPE=-71.22 dB best=-71.23
[ft depol 0.005] it=820 valSWPE=-71.26 dB best=-71.26
[ft depol 0.005] it=830 valSWPE=-71.53 dB best=-71.53
[ft depol 0.005] it=840 valSWPE=-71.80 dB best=-71.80
[ft depol 0.005] it=850 valSWPE=-72.00 dB best=-72.00
[ft depol 0.005] it=860 valSWPE=-72.19 dB best=-72.19
[ft depol 0.005] it=870 valSWPE=-72.38 dB best=-72.38
[ft depol 0.005] it=880 valSWPE=-72.71 dB best=-72.71
[ft depol 0.005] it=890 valSWPE=-73.06 dB best=-73.06
[ft depol 0.005] it=900 valSWPE=-73.04 dB best=-73.06
[ft depol 0.005] it=910 valSWPE=-73.11 dB best=-73.11
[ft depol 0.005] it=920 valSWPE=-73.29 dB best=-73.29
[ft depol 0.005] it=930 valSWPE=-73.35 dB best=-73.35
[ft depol 0.005] it=940 valSWPE=-73.37 dB best=-73.37
[ft depol 0.005] it=950 valSWPE=-73.39 dB best=-73.39
[ft depol 0.005] it=960 valSWPE=-73.42 dB best=-73.42
[ft depol 0.005] it=970 valSWPE=-73.45 dB best=-73.45
[ft depol 0.005] it=980 valSWPE=-73.47 dB best=-73.47
[ft depol 0.005] it=990 valSWPE=-73.50 dB best=-73.50
[ft depol 0.005] it=1000 valSWPE=-73.53 dB best=-73.53
[ft depol 0.005] it=1010 valSWPE=-73.56 dB best=-73.56
[ft depol 0.005] it=1020 valSWPE=-73.59 dB best=-73.59
[ft depol 0.005] it=1030 valSWPE=-73.62 dB best=-73.62
[ft depol 0.005] it=1040 valSWPE=-73.66 dB best=-73.66
[ft depol 0.005] it=1050 valSWPE=-73.69 dB best=-73.69
[ft depol 0.005] it=1060 valSWPE=-73.79 dB best=-73.79
[ft depol 0.005] it=1070 valSWPE=-73.91 dB best=-73.91
[ft depol 0.005] it=1080 valSWPE=-74.04 dB best=-74.04
[ft depol 0.005] it=1090 valSWPE=-74.16 dB best=-74.16
[ft depol 0.005] it=1100 valSWPE=-74.28 dB best=-74.28
[ft depol 0.005] it=1110 valSWPE=-74.40 dB best=-74.40
[ft depol 0.005] it=1120 valSWPE=-74.54 dB best=-74.54
[ft depol 0.005] it=1130 valSWPE=-74.63 dB best=-74.63
[ft depol 0.005] it=1140 valSWPE=-74.74 dB best=-74.74
[ft depol 0.005] it=1150 valSWPE=-74.83 dB best=-74.83
[ft depol 0.005] it=1160 valSWPE=-74.96 dB best=-74.96
[ft depol 0.005] it=1170 valSWPE=-74.92 dB best=-74.96
[ft depol 0.005] it=1180 valSWPE=-74.88 dB best=-74.96
[ft depol 0.005] it=1190 valSWPE=-74.91 dB best=-74.96
[ft depol 0.005] it=1200 valSWPE=-74.94 dB best=-74.96
[ft depol 0.005] it=1210 valSWPE=-74.96 dB best=-74.96
[ft depol 0.005] it=1220 valSWPE=-74.99 dB best=-74.99
[ft depol 0.005] it=1230 valSWPE=-75.11 dB best=-75.11
[ft depol 0.005] it=1240 valSWPE=-75.24 dB best=-75.24
[ft depol 0.005] it=1250 valSWPE=-75.37 dB best=-75.37
[ft depol 0.005] it=1260 valSWPE=-75.50 dB best=-75.50
[ft depol 0.005] it=1270 valSWPE=-75.63 dB best=-75.63
[ft depol 0.005] it=1280 valSWPE=-75.76 dB best=-75.76
[ft depol 0.005] it=1290 valSWPE=-75.88 dB best=-75.88
[ft depol 0.005] it=1300 valSWPE=-76.01 dB best=-76.01
[ft depol 0.005] it=1310 valSWPE=-76.13 dB best=-76.13
[ft depol 0.005] it=1320 valSWPE=-76.10 dB best=-76.13
[ft depol 0.005] it=1330 valSWPE=-76.07 dB best=-76.13
[ft depol 0.005] it=1340 valSWPE=-76.04 dB best=-76.13
[ft depol 0.005] it=1350 valSWPE=-76.04 dB best=-76.13
[ft depol 0.005] it=1360 valSWPE=-76.09 dB best=-76.13
[ft depol 0.005] it=1370 valSWPE=-76.15 dB best=-76.15
[ft depol 0.005] it=1380 valSWPE=-76.20 dB best=-76.20
[ft depol 0.005] it=1390 valSWPE=-76.26 dB best=-76.26
[ft depol 0.005] it=1400 valSWPE=-76.32 dB best=-76.32
[ft depol 0.005] it=1410 valSWPE=-76.38 dB best=-76.38
[ft depol 0.005] it=1420 valSWPE=-76.44 dB best=-76.44
[ft depol 0.005] it=1430 valSWPE=-76.50 dB best=-76.50
[ft depol 0.005] it=1440 valSWPE=-76.52 dB best=-76.52
[ft depol 0.005] it=1450 valSWPE=-76.54 dB best=-76.54
[ft depol 0.005] it=1460 valSWPE=-76.56 dB best=-76.56
[ft depol 0.005] it=1470 valSWPE=-76.59 dB best=-76.59
[ft depol 0.005] it=1480 valSWPE=-76.62 dB best=-76.62
[ft depol 0.005] it=1490 valSWPE=-76.65 dB best=-76.65
[ft depol 0.005] it=1500 valSWPE=-76.67 dB best=-76.67
Traceback (most recent call last):
  File "/home/yqc/github/VQ-CNNI/revision_experiments/noise_study.py", line 273, in <module>
    main()
  File "/home/yqc/github/VQ-CNNI/revision_experiments/noise_study.py", line 269, in main
    run_finetune(args)
  File "/home/yqc/github/VQ-CNNI/revision_experiments/noise_study.py", line 217, in run_finetune
    swpe_noisy_before = float(np.median(swpe_db(
                                        ^^^^^^^^
TypeError: swpe_db() missing 1 required positional argument: 'phi_true'
[ft depol 0.005] it=10 valSWPE=-13.47 dB best=-13.47
[ft depol 0.005] it=20 valSWPE=-18.63 dB best=-18.63
[ft depol 0.005] it=30 valSWPE=-21.97 dB best=-21.97
[ft depol 0.005] it=40 valSWPE=-31.64 dB best=-31.64
[ft depol 0.005] it=50 valSWPE=-44.82 dB best=-44.82
[ft depol 0.005] it=60 valSWPE=-46.17 dB best=-46.17
[ft depol 0.005] it=70 valSWPE=-42.82 dB best=-46.17
[ft depol 0.005] it=80 valSWPE=-45.61 dB best=-46.17
[ft depol 0.005] it=90 valSWPE=-49.12 dB best=-49.12
[ft depol 0.005] it=100 valSWPE=-50.55 dB best=-50.55
[ft depol 0.005] it=110 valSWPE=-53.63 dB best=-53.63
[ft depol 0.005] it=120 valSWPE=-54.97 dB best=-54.97
[ft depol 0.005] it=130 valSWPE=-57.12 dB best=-57.12
[ft depol 0.005] it=140 valSWPE=-56.43 dB best=-57.12
[ft depol 0.005] it=150 valSWPE=-58.04 dB best=-58.04
[ft depol 0.005] it=160 valSWPE=-57.69 dB best=-58.04
[ft depol 0.005] it=170 valSWPE=-57.81 dB best=-58.04
[ft depol 0.005] it=180 valSWPE=-58.81 dB best=-58.81
[ft depol 0.005] it=190 valSWPE=-58.64 dB best=-58.81
[ft depol 0.005] it=200 valSWPE=-58.80 dB best=-58.81
[ft depol 0.005] it=210 valSWPE=-59.73 dB best=-59.73
[ft depol 0.005] it=220 valSWPE=-59.45 dB best=-59.73
[ft depol 0.005] it=230 valSWPE=-60.56 dB best=-60.56
[ft depol 0.005] it=240 valSWPE=-60.99 dB best=-60.99
[ft depol 0.005] it=250 valSWPE=-61.10 dB best=-61.10
[ft depol 0.005] it=260 valSWPE=-61.35 dB best=-61.35
[ft depol 0.005] it=270 valSWPE=-62.13 dB best=-62.13
[ft depol 0.005] it=280 valSWPE=-61.77 dB best=-62.13
[ft depol 0.005] it=290 valSWPE=-61.47 dB best=-62.13
[ft depol 0.005] it=300 valSWPE=-61.86 dB best=-62.13
[ft depol 0.005] it=310 valSWPE=-62.52 dB best=-62.52
[ft depol 0.005] it=320 valSWPE=-62.70 dB best=-62.70
[ft depol 0.005] it=330 valSWPE=-63.21 dB best=-63.21
[ft depol 0.005] it=340 valSWPE=-63.14 dB best=-63.21
[ft depol 0.005] it=350 valSWPE=-62.99 dB best=-63.21
[ft depol 0.005] it=360 valSWPE=-63.21 dB best=-63.21
[ft depol 0.005] it=370 valSWPE=-63.34 dB best=-63.34
[ft depol 0.005] it=380 valSWPE=-63.48 dB best=-63.48
[ft depol 0.005] it=390 valSWPE=-64.15 dB best=-64.15
[ft depol 0.005] it=400 valSWPE=-64.23 dB best=-64.23
[ft depol 0.005] it=410 valSWPE=-64.69 dB best=-64.69
[ft depol 0.005] it=420 valSWPE=-65.00 dB best=-65.00
[ft depol 0.005] it=430 valSWPE=-65.23 dB best=-65.23
[ft depol 0.005] it=440 valSWPE=-65.22 dB best=-65.23
[ft depol 0.005] it=450 valSWPE=-64.94 dB best=-65.23
[ft depol 0.005] it=460 valSWPE=-64.99 dB best=-65.23
[ft depol 0.005] it=470 valSWPE=-65.28 dB best=-65.28
[ft depol 0.005] it=480 valSWPE=-65.56 dB best=-65.56
[ft depol 0.005] it=490 valSWPE=-65.48 dB best=-65.56
[ft depol 0.005] it=500 valSWPE=-65.42 dB best=-65.56
[ft depol 0.005] it=510 valSWPE=-65.49 dB best=-65.56
[ft depol 0.005] it=520 valSWPE=-65.66 dB best=-65.66
[ft depol 0.005] it=530 valSWPE=-65.83 dB best=-65.83
[ft depol 0.005] it=540 valSWPE=-66.00 dB best=-66.00
[ft depol 0.005] it=550 valSWPE=-66.18 dB best=-66.18
[ft depol 0.005] it=560 valSWPE=-66.33 dB best=-66.33
[ft depol 0.005] it=570 valSWPE=-66.35 dB best=-66.35
[ft depol 0.005] it=580 valSWPE=-66.38 dB best=-66.38
[ft depol 0.005] it=590 valSWPE=-66.42 dB best=-66.42
[ft depol 0.005] it=600 valSWPE=-66.69 dB best=-66.69
[ft depol 0.005] it=610 valSWPE=-66.86 dB best=-66.86
[ft depol 0.005] it=620 valSWPE=-67.07 dB best=-67.07
[ft depol 0.005] it=630 valSWPE=-67.31 dB best=-67.31
[ft depol 0.005] it=10 valSWPE=-13.47 dB best=-13.47
[ft depol 0.005] it=20 valSWPE=-18.63 dB best=-18.63
[ft depol 0.005] it=30 valSWPE=-21.97 dB best=-21.97
[ft depol 0.005] it=40 valSWPE=-31.64 dB best=-31.64
[ft depol 0.005] it=50 valSWPE=-44.82 dB best=-44.82
[ft depol 0.005] it=60 valSWPE=-46.17 dB best=-46.17
[ft depol 0.005] it=70 valSWPE=-42.82 dB best=-46.17
[ft depol 0.005] it=80 valSWPE=-45.61 dB best=-46.17
[ft depol 0.005] it=90 valSWPE=-49.12 dB best=-49.12
[ft depol 0.005] it=100 valSWPE=-50.55 dB best=-50.55
[ft depol 0.005] it=110 valSWPE=-53.63 dB best=-53.63
[ft depol 0.005] it=120 valSWPE=-54.97 dB best=-54.97
[ft depol 0.005] it=10 valSWPE=-13.47 dB best=-13.47
[ft depol 0.005] it=20 valSWPE=-18.63 dB best=-18.63
[ft depol 0.005] it=30 valSWPE=-21.97 dB best=-21.97
[ft depol 0.005] it=40 valSWPE=-31.64 dB best=-31.64
[ft depol 0.005] it=50 valSWPE=-44.82 dB best=-44.82
[ft depol 0.005] it=60 valSWPE=-46.17 dB best=-46.17
[ft depol 0.005] it=70 valSWPE=-42.82 dB best=-46.17
[ft depol 0.005] it=80 valSWPE=-45.61 dB best=-46.17
[ft depol 0.005] it=90 valSWPE=-49.12 dB best=-49.12
[ft depol 0.005] it=100 valSWPE=-50.55 dB best=-50.55
[ft depol 0.005] it=110 valSWPE=-53.63 dB best=-53.63
[ft depol 0.005] it=120 valSWPE=-54.97 dB best=-54.97
[ft depol 0.005] it=130 valSWPE=-57.12 dB best=-57.12
[ft depol 0.005] it=140 valSWPE=-56.43 dB best=-57.12
[ft depol 0.005] it=150 valSWPE=-58.04 dB best=-58.04
[ft depol 0.005] it=160 valSWPE=-57.69 dB best=-58.04
[ft depol 0.005] it=170 valSWPE=-57.81 dB best=-58.04
[ft depol 0.005] it=180 valSWPE=-58.81 dB best=-58.81
[ft depol 0.005] it=190 valSWPE=-58.64 dB best=-58.81
[ft depol 0.005] it=200 valSWPE=-58.80 dB best=-58.81
[ft depol 0.005] it=210 valSWPE=-59.73 dB best=-59.73
[ft depol 0.005] it=220 valSWPE=-59.45 dB best=-59.73
[ft depol 0.005] it=230 valSWPE=-60.56 dB best=-60.56
[ft depol 0.005] it=240 valSWPE=-60.99 dB best=-60.99
[ft depol 0.005] it=250 valSWPE=-61.10 dB best=-61.10
[ft depol 0.005] it=260 valSWPE=-61.35 dB best=-61.35
[ft depol 0.005] it=270 valSWPE=-62.13 dB best=-62.13
[ft depol 0.005] it=280 valSWPE=-61.77 dB best=-62.13
[ft depol 0.005] it=290 valSWPE=-61.47 dB best=-62.13
[ft depol 0.005] it=300 valSWPE=-61.86 dB best=-62.13
[ft depol 0.005] it=310 valSWPE=-62.52 dB best=-62.52
[ft depol 0.005] it=320 valSWPE=-62.70 dB best=-62.70
[ft depol 0.005] it=330 valSWPE=-63.21 dB best=-63.21
[ft depol 0.005] it=340 valSWPE=-63.14 dB best=-63.21
[ft depol 0.005] it=350 valSWPE=-62.99 dB best=-63.21
[ft depol 0.005] it=360 valSWPE=-63.21 dB best=-63.21
[ft depol 0.005] it=370 valSWPE=-63.34 dB best=-63.34
[ft depol 0.005] it=380 valSWPE=-63.48 dB best=-63.48
[ft depol 0.005] it=390 valSWPE=-64.15 dB best=-64.15
[ft depol 0.005] it=400 valSWPE=-64.23 dB best=-64.23
[ft depol 0.005] it=410 valSWPE=-64.69 dB best=-64.69
[ft depol 0.005] it=420 valSWPE=-65.00 dB best=-65.00
[ft depol 0.005] it=430 valSWPE=-65.23 dB best=-65.23
[ft depol 0.005] it=440 valSWPE=-65.22 dB best=-65.23
[ft depol 0.005] it=450 valSWPE=-64.94 dB best=-65.23
[ft depol 0.005] it=460 valSWPE=-64.99 dB best=-65.23
[ft depol 0.005] it=470 valSWPE=-65.28 dB best=-65.28
[ft depol 0.005] it=480 valSWPE=-65.56 dB best=-65.56
[ft depol 0.005] it=490 valSWPE=-65.48 dB best=-65.56
[ft depol 0.005] it=500 valSWPE=-65.42 dB best=-65.56
[ft depol 0.005] it=510 valSWPE=-65.49 dB best=-65.56
[ft depol 0.005] it=520 valSWPE=-65.66 dB best=-65.66
[ft depol 0.005] it=530 valSWPE=-65.83 dB best=-65.83
[ft depol 0.005] it=540 valSWPE=-66.00 dB best=-66.00
[ft depol 0.005] it=550 valSWPE=-66.18 dB best=-66.18
[ft depol 0.005] it=560 valSWPE=-66.33 dB best=-66.33
[ft depol 0.005] it=570 valSWPE=-66.35 dB best=-66.35
[ft depol 0.005] it=580 valSWPE=-66.38 dB best=-66.38
[ft depol 0.005] it=590 valSWPE=-66.42 dB best=-66.42
[ft depol 0.005] it=600 valSWPE=-66.69 dB best=-66.69
[ft depol 0.005] it=610 valSWPE=-66.86 dB best=-66.86
[ft depol 0.005] it=620 valSWPE=-67.07 dB best=-67.07
[ft depol 0.005] it=630 valSWPE=-67.31 dB best=-67.31
[ft depol 0.005] it=640 valSWPE=-67.39 dB best=-67.39
[ft depol 0.005] it=650 valSWPE=-67.51 dB best=-67.51
[ft depol 0.005] it=660 valSWPE=-67.63 dB best=-67.63
[ft depol 0.005] it=670 valSWPE=-67.75 dB best=-67.75
[ft depol 0.005] it=680 valSWPE=-67.88 dB best=-67.88
[ft depol 0.005] it=690 valSWPE=-68.01 dB best=-68.01
[ft depol 0.005] it=700 valSWPE=-68.14 dB best=-68.14
[ft depol 0.005] it=710 valSWPE=-68.55 dB best=-68.55
[ft depol 0.005] it=720 valSWPE=-68.98 dB best=-68.98
[ft depol 0.005] it=730 valSWPE=-69.41 dB best=-69.41
[ft depol 0.005] it=740 valSWPE=-69.85 dB best=-69.85
[ft depol 0.005] it=750 valSWPE=-70.20 dB best=-70.20
[ft depol 0.005] it=760 valSWPE=-70.46 dB best=-70.46
[ft depol 0.005] it=770 valSWPE=-70.72 dB best=-70.72
[ft depol 0.005] it=780 valSWPE=-70.99 dB best=-70.99
[ft depol 0.005] it=790 valSWPE=-71.23 dB best=-71.23
[ft depol 0.005] it=800 valSWPE=-71.21 dB best=-71.23
[ft depol 0.005] it=810 valSWPE=-71.22 dB best=-71.23
[ft depol 0.005] it=820 valSWPE=-71.26 dB best=-71.26
[ft depol 0.005] it=830 valSWPE=-71.53 dB best=-71.53
[ft depol 0.005] it=840 valSWPE=-71.80 dB best=-71.80
[ft depol 0.005] it=850 valSWPE=-72.00 dB best=-72.00
[ft depol 0.005] it=860 valSWPE=-72.19 dB best=-72.19
[ft depol 0.005] it=870 valSWPE=-72.38 dB best=-72.38
[ft depol 0.005] it=880 valSWPE=-72.71 dB best=-72.71
[ft depol 0.005] it=890 valSWPE=-73.06 dB best=-73.06
[ft depol 0.005] it=900 valSWPE=-73.04 dB best=-73.06
[ft depol 0.005] it=910 valSWPE=-73.11 dB best=-73.11
[ft depol 0.005] it=920 valSWPE=-73.29 dB best=-73.29
[ft depol 0.005] it=930 valSWPE=-73.35 dB best=-73.35
[ft depol 0.005] it=940 valSWPE=-73.37 dB best=-73.37
[ft depol 0.005] it=950 valSWPE=-73.39 dB best=-73.39
[ft depol 0.005] it=960 valSWPE=-73.42 dB best=-73.42
[ft depol 0.005] it=970 valSWPE=-73.45 dB best=-73.45
[ft depol 0.005] it=980 valSWPE=-73.47 dB best=-73.47
[ft depol 0.005] it=990 valSWPE=-73.50 dB best=-73.50
[ft depol 0.005] it=1000 valSWPE=-73.53 dB best=-73.53
[ft depol 0.005] it=1010 valSWPE=-73.56 dB best=-73.56
[ft depol 0.005] it=1020 valSWPE=-73.59 dB best=-73.59
[ft depol 0.005] it=1030 valSWPE=-73.62 dB best=-73.62
[ft depol 0.005] it=1040 valSWPE=-73.66 dB best=-73.66
[ft depol 0.005] it=1050 valSWPE=-73.69 dB best=-73.69
[ft depol 0.005] it=1060 valSWPE=-73.79 dB best=-73.79
[ft depol 0.005] it=1070 valSWPE=-73.91 dB best=-73.91
[ft depol 0.005] it=1080 valSWPE=-74.04 dB best=-74.04
[ft depol 0.005] it=1090 valSWPE=-74.16 dB best=-74.16
[ft depol 0.005] it=1100 valSWPE=-74.28 dB best=-74.28
[ft depol 0.005] it=1110 valSWPE=-74.40 dB best=-74.40
[ft depol 0.005] it=1120 valSWPE=-74.54 dB best=-74.54
[ft depol 0.005] it=1130 valSWPE=-74.63 dB best=-74.63
[ft depol 0.005] it=1140 valSWPE=-74.74 dB best=-74.74
[ft depol 0.005] it=1150 valSWPE=-74.83 dB best=-74.83
[ft depol 0.005] it=1160 valSWPE=-74.96 dB best=-74.96
[ft depol 0.005] it=1170 valSWPE=-74.92 dB best=-74.96
[ft depol 0.005] it=1180 valSWPE=-74.88 dB best=-74.96
[ft depol 0.005] it=1190 valSWPE=-74.91 dB best=-74.96
[ft depol 0.005] it=1200 valSWPE=-74.94 dB best=-74.96
[ft depol 0.005] it=1210 valSWPE=-74.96 dB best=-74.96
[ft depol 0.005] it=1220 valSWPE=-74.99 dB best=-74.99
[ft depol 0.005] it=1230 valSWPE=-75.11 dB best=-75.11
[ft depol 0.005] it=1240 valSWPE=-75.24 dB best=-75.24
[ft depol 0.005] it=1250 valSWPE=-75.37 dB best=-75.37
[ft depol 0.005] it=1260 valSWPE=-75.50 dB best=-75.50
[ft depol 0.005] it=1270 valSWPE=-75.63 dB best=-75.63
[ft depol 0.005] it=1280 valSWPE=-75.76 dB best=-75.76
[ft depol 0.005] it=1290 valSWPE=-75.88 dB best=-75.88
[ft depol 0.005] it=1300 valSWPE=-76.01 dB best=-76.01
[ft depol 0.005] it=1310 valSWPE=-76.13 dB best=-76.13
[ft depol 0.005] it=1320 valSWPE=-76.10 dB best=-76.13
[ft depol 0.005] it=1330 valSWPE=-76.07 dB best=-76.13
[ft depol 0.005] it=1340 valSWPE=-76.04 dB best=-76.13
[ft depol 0.005] it=1350 valSWPE=-76.04 dB best=-76.13
[ft depol 0.005] it=1360 valSWPE=-76.09 dB best=-76.13
[ft depol 0.005] it=1370 valSWPE=-76.15 dB best=-76.15
[ft depol 0.005] it=1380 valSWPE=-76.20 dB best=-76.20
[ft depol 0.005] it=1390 valSWPE=-76.26 dB best=-76.26
[ft depol 0.005] it=1400 valSWPE=-76.32 dB best=-76.32
[ft depol 0.005] it=1410 valSWPE=-76.38 dB best=-76.38
[ft depol 0.005] it=1420 valSWPE=-76.44 dB best=-76.44
[ft depol 0.005] it=1430 valSWPE=-76.50 dB best=-76.50
[ft depol 0.005] it=1440 valSWPE=-76.52 dB best=-76.52
[ft depol 0.005] it=1450 valSWPE=-76.54 dB best=-76.54
[ft depol 0.005] it=1460 valSWPE=-76.56 dB best=-76.56
[ft depol 0.005] it=1470 valSWPE=-76.59 dB best=-76.59
[ft depol 0.005] it=1480 valSWPE=-76.62 dB best=-76.62
[ft depol 0.005] it=1490 valSWPE=-76.65 dB best=-76.65
[ft depol 0.005] it=1500 valSWPE=-76.67 dB best=-76.67
Saved results/noise_ft_depol_N8.npz
  noisy  SWPE: -7.40 -> -76.67 dB
  clean  SWPE: -75.44 -> -10.41 dB
x_before: exact noisy median SWPE = -8.35 dB
x_after: exact noisy median SWPE = -29.44 dB
Traceback (most recent call last):
  File "/home/yqc/github/VQ-CNNI/revision_experiments/noise_study.py", line 304, in <module>
    main()
  File "/home/yqc/github/VQ-CNNI/revision_experiments/noise_study.py", line 296, in main
    run_patch_exact(args)
  File "/home/yqc/github/VQ-CNNI/revision_experiments/noise_study.py", line 269, in run_patch_exact
    np.savez(args.model, **data,
TypeError: numpy.savez() got multiple values for keyword argument 'swpe_noisy_before'
x_before: exact noisy median SWPE = -8.35 dB
x_after: exact noisy median SWPE = -29.44 dB
Traceback (most recent call last):
  File "/home/yqc/github/VQ-CNNI/revision_experiments/noise_study.py", line 304, in <module>
    main()
  File "/home/yqc/github/VQ-CNNI/revision_experiments/noise_study.py", line 296, in main
    run_patch_exact(args)
  File "/home/yqc/github/VQ-CNNI/revision_experiments/noise_study.py", line 269, in run_patch_exact
    np.savez(args.model, **data,
TypeError: numpy.savez() got multiple values for keyword argument 'swpe_noisy_before'
x_before: exact noisy median SWPE = -8.35 dB
x_after: exact noisy median SWPE = -29.44 dB
Traceback (most recent call last):
  File "/home/yqc/github/VQ-CNNI/revision_experiments/noise_study.py", line 304, in <module>
    if __name__ == "__main__":
        ^^^^^^
  File "/home/yqc/github/VQ-CNNI/revision_experiments/noise_study.py", line 296, in main
    elif args.stage == "patch_exact":
        ^^^^^^^^^^^^^^^^^^^^^
  File "/home/yqc/github/VQ-CNNI/revision_experiments/noise_study.py", line 269, in run_patch_exact
    meta["exact_eval"] = True
TypeError: numpy.savez() got multiple values for keyword argument 'swpe_noisy_before'
x_before: exact noisy median SWPE = -8.35 dB
x_after: exact noisy median SWPE = -29.44 dB
Patched results/noise_ft_depol_N8.npz with exact-noise values.
