[ft readout 0.01] it=10 valSWPE=-15.31 dB best=-15.31
[ft readout 0.01] it=20 valSWPE=-21.69 dB best=-21.69
[ft readout 0.01] it=30 valSWPE=-28.93 dB best=-28.93
[ft readout 0.01] it=40 valSWPE=-37.94 dB best=-37.94
[ft readout 0.01] it=50 valSWPE=-37.20 dB best=-37.94
[ft readout 0.01] it=60 valSWPE=-41.39 dB best=-41.39
[ft readout 0.01] it=70 valSWPE=-45.05 dB best=-45.05
[ft readout 0.01] it=80 valSWPE=-48.55 dB best=-48.55
[ft readout 0.01] it=90 valSWPE=-49.62 dB best=-49.62
[ft readout 0.01] it=100 valSWPE=-52.67 dB best=-52.67
[ft readout 0.01] it=110 valSWPE=-52.97 dB best=-52.97
[ft readout 0.01] it=120 valSWPE=-53.36 dB best=-53.36
[ft readout 0.01] it=130 valSWPE=-54.03 dB best=-54.03
[ft readout 0.01] it=140 valSWPE=-54.81 dB best=-54.81
[ft readout 0.01] it=150 valSWPE=-55.72 dB best=-55.72
[ft readout 0.01] it=160 valSWPE=-55.78 dB best=-55.78
[ft readout 0.01] it=170 valSWPE=-56.43 dB best=-56.43
[ft readout 0.01] it=180 valSWPE=-57.84 dB best=-57.84
[ft readout 0.01] it=190 valSWPE=-58.89 dB best=-58.89
[ft readout 0.01] it=200 valSWPE=-60.32 dB best=-60.32
[ft readout 0.01] it=210 valSWPE=-60.86 dB best=-60.86
[ft readout 0.01] it=220 valSWPE=-61.43 dB best=-61.43
[ft readout 0.01] it=230 valSWPE=-62.09 dB best=-62.09
[ft readout 0.01] it=240 valSWPE=-62.95 dB best=-62.95
[ft readout 0.01] it=250 valSWPE=-63.88 dB best=-63.88
[ft readout 0.01] it=260 valSWPE=-64.23 dB best=-64.23
[ft readout 0.01] it=270 valSWPE=-63.61 dB best=-64.23
[ft readout 0.01] it=280 valSWPE=-64.21 dB best=-64.23
[ft readout 0.01] it=290 valSWPE=-64.77 dB best=-64.77
[ft readout 0.01] it=300 valSWPE=-66.11 dB best=-66.11
[ft readout 0.01] it=310 valSWPE=-66.22 dB best=-66.22
[ft readout 0.01] it=320 valSWPE=-66.45 dB best=-66.45
[ft readout 0.01] it=330 valSWPE=-67.02 dB best=-67.02
[ft readout 0.01] it=340 valSWPE=-67.46 dB best=-67.46
[ft readout 0.01] it=350 valSWPE=-68.06 dB best=-68.06
[ft readout 0.01] it=360 valSWPE=-68.39 dB best=-68.39
[ft readout 0.01] it=370 valSWPE=-68.75 dB best=-68.75
[ft readout 0.01] it=380 valSWPE=-69.18 dB best=-69.18
[ft readout 0.01] it=390 valSWPE=-69.86 dB best=-69.86
[ft readout 0.01] it=400 valSWPE=-70.33 dB best=-70.33
[ft readout 0.01] it=410 valSWPE=-70.56 dB best=-70.56
[ft readout 0.01] it=420 valSWPE=-71.14 dB best=-71.14
[ft readout 0.01] it=430 valSWPE=-71.97 dB best=-71.97
[ft readout 0.01] it=440 valSWPE=-72.12 dB best=-72.12
[ft readout 0.01] it=450 valSWPE=-72.00 dB best=-72.12
[ft readout 0.01] it=460 valSWPE=-71.91 dB best=-72.12
[ft readout 0.01] it=470 valSWPE=-71.71 dB best=-72.12
[ft readout 0.01] it=480 valSWPE=-71.82 dB best=-72.12
[ft readout 0.01] it=490 valSWPE=-71.93 dB best=-72.12
[ft readout 0.01] it=500 valSWPE=-71.94 dB best=-72.12
[ft readout 0.01] it=510 valSWPE=-72.09 dB best=-72.12
[ft readout 0.01] it=520 valSWPE=-72.24 dB best=-72.24
[ft readout 0.01] it=530 valSWPE=-72.38 dB best=-72.38
[ft readout 0.01] it=540 valSWPE=-72.64 dB best=-72.64
[ft readout 0.01] it=550 valSWPE=-72.95 dB best=-72.95
[ft readout 0.01] it=560 valSWPE=-73.25 dB best=-73.25
[ft readout 0.01] it=570 valSWPE=-73.52 dB best=-73.52
[ft readout 0.01] it=580 valSWPE=-73.63 dB best=-73.63
[ft readout 0.01] it=590 valSWPE=-73.71 dB best=-73.71
[ft readout 0.01] it=600 valSWPE=-73.92 dB best=-73.92
[ft readout 0.01] it=610 valSWPE=-73.65 dB best=-73.92
[ft readout 0.01] it=620 valSWPE=-73.54 dB best=-73.92
[ft readout 0.01] it=630 valSWPE=-73.51 dB best=-73.92
[ft readout 0.01] it=640 valSWPE=-73.60 dB best=-73.92
[ft readout 0.01] it=650 valSWPE=-73.60 dB best=-73.92
[ft readout 0.01] it=660 valSWPE=-73.65 dB best=-73.92
[ft readout 0.01] it=670 valSWPE=-73.86 dB best=-73.92
[ft readout 0.01] it=680 valSWPE=-74.07 dB best=-74.07
[ft readout 0.01] it=690 valSWPE=-74.29 dB best=-74.29
[ft readout 0.01] it=700 valSWPE=-74.52 dB best=-74.52
[ft readout 0.01] it=710 valSWPE=-74.52 dB best=-74.52
[ft readout 0.01] it=720 valSWPE=-74.57 dB best=-74.57
[ft readout 0.01] it=730 valSWPE=-74.54 dB best=-74.57
[ft readout 0.01] it=740 valSWPE=-74.38 dB best=-74.57
[ft readout 0.01] it=750 valSWPE=-74.33 dB best=-74.57
[ft readout 0.01] it=760 valSWPE=-74.28 dB best=-74.57
[ft readout 0.01] it=770 valSWPE=-74.24 dB best=-74.57
[ft readout 0.01] it=780 valSWPE=-74.21 dB best=-74.57
[ft readout 0.01] it=790 valSWPE=-74.19 dB best=-74.57
[ft readout 0.01] it=800 valSWPE=-74.14 dB best=-74.57
[ft readout 0.01] it=810 valSWPE=-74.10 dB best=-74.57
[ft readout 0.01] it=820 valSWPE=-74.08 dB best=-74.57
Early stop at 820
Saved results/noise_ft_readout_N8.npz
  noisy  SWPE: -30.19 -> -74.57 dB
  clean  SWPE: -75.44 -> -31.49 dB
