nohup: 忽略输入
rerun global_linear N=4 s=0 2026年 08月 14日 星期五 00:56:23 CST
rerun_missing_vqi.sh: 第 11 行： 38354 段错误               （核心已转储） $PY train_vqi_global.py --variant $v --N $N --seed $s --out $f > logs/vqi_${v}_N${N}_s${s}.log 2>&1
FAILED global_linear N=4 s=0
rerun global_linear N=4 s=1 2026年 08月 14日 星期五 00:56:50 CST
rerun global_lookup N=4 s=0 2026年 08月 14日 星期五 00:57:17 CST
rerun_missing_vqi.sh: 第 11 行： 38569 段错误               （核心已转储） $PY train_vqi_global.py --variant $v --N $N --seed $s --out $f > logs/vqi_${v}_N${N}_s${s}.log 2>&1
FAILED global_lookup N=4 s=0
rerun global_lookup N=4 s=1 2026年 08月 14日 星期五 00:57:21 CST
rerun_missing_vqi.sh: 第 11 行： 38581 段错误               （核心已转储） $PY train_vqi_global.py --variant $v --N $N --seed $s --out $f > logs/vqi_${v}_N${N}_s${s}.log 2>&1
FAILED global_lookup N=4 s=1
rerun global_lookup N=4 s=2 2026年 08月 14日 星期五 00:57:41 CST
rerun_missing_vqi.sh: 第 11 行： 38598 段错误               （核心已转储） $PY train_vqi_global.py --variant $v --N $N --seed $s --out $f > logs/vqi_${v}_N${N}_s${s}.log 2>&1
FAILED global_lookup N=4 s=2
rerun local N=6 s=0 2026年 08月 14日 星期五 00:57:55 CST
rerun_missing_vqi.sh: 第 11 行： 38611 段错误               （核心已转储） $PY train_vqi_global.py --variant $v --N $N --seed $s --out $f > logs/vqi_${v}_N${N}_s${s}.log 2>&1
FAILED local N=6 s=0
rerun local N=6 s=2 2026年 08月 14日 星期五 00:58:01 CST
rerun_missing_vqi.sh: 第 11 行： 38621 段错误               （核心已转储） $PY train_vqi_global.py --variant $v --N $N --seed $s --out $f > logs/vqi_${v}_N${N}_s${s}.log 2>&1
FAILED local N=6 s=2
rerun global_linear N=6 s=1 2026年 08月 14日 星期五 00:58:06 CST
rerun_missing_vqi.sh: 第 11 行： 38630 段错误               （核心已转储） $PY train_vqi_global.py --variant $v --N $N --seed $s --out $f > logs/vqi_${v}_N${N}_s${s}.log 2>&1
FAILED global_linear N=6 s=1
rerun global_lookup N=6 s=0 2026年 08月 14日 星期五 00:58:39 CST
rerun_missing_vqi.sh: 第 11 行： 38644 段错误               （核心已转储） $PY train_vqi_global.py --variant $v --N $N --seed $s --out $f > logs/vqi_${v}_N${N}_s${s}.log 2>&1
FAILED global_lookup N=6 s=0
rerun global_lookup N=6 s=1 2026年 08月 14日 星期五 00:59:35 CST
rerun_missing_vqi.sh: 第 11 行： 38764 段错误               （核心已转储） $PY train_vqi_global.py --variant $v --N $N --seed $s --out $f > logs/vqi_${v}_N${N}_s${s}.log 2>&1
FAILED global_lookup N=6 s=1
rerun global_lookup N=6 s=2 2026年 08月 14日 星期五 01:02:36 CST
rerun local N=8 s=0 2026年 08月 14日 星期五 01:06:04 CST
rerun_missing_vqi.sh: 第 11 行： 38906 段错误               （核心已转储） $PY train_vqi_global.py --variant $v --N $N --seed $s --out $f > logs/vqi_${v}_N${N}_s${s}.log 2>&1
FAILED local N=8 s=0
rerun local N=8 s=1 2026年 08月 14日 星期五 01:06:58 CST
rerun_missing_vqi.sh: 第 11 行： 38924 段错误               （核心已转储） $PY train_vqi_global.py --variant $v --N $N --seed $s --out $f > logs/vqi_${v}_N${N}_s${s}.log 2>&1
FAILED local N=8 s=1
rerun global_lookup N=8 s=1 2026年 08月 14日 星期五 01:07:12 CST
rerun_missing_vqi.sh: 第 11 行： 38935 段错误               （核心已转储） $PY train_vqi_global.py --variant $v --N $N --seed $s --out $f > logs/vqi_${v}_N${N}_s${s}.log 2>&1
FAILED global_lookup N=8 s=1
rerun global_lookup N=8 s=2 2026年 08月 14日 星期五 01:08:23 CST
RERUN DONE 2026年 08月 14日 星期五 01:15:28 CST
rerun global_linear N=4 s=0 2026年 08月 14日 星期五 07:57:14 CST
rerun global_lookup N=4 s=0 2026年 08月 14日 星期五 07:57:44 CST
rerun global_lookup N=4 s=1 2026年 08月 14日 星期五 07:59:00 CST
rerun global_lookup N=4 s=2 2026年 08月 14日 星期五 08:00:18 CST
rerun local N=6 s=0 2026年 08月 14日 星期五 08:01:34 CST
rerun local N=6 s=2 2026年 08月 14日 星期五 08:02:11 CST
  attempt 1 failed (/home/yqc/venv-qc/bin/python train_vqi_global.py --variant local --N 6 --seed 2 --out results/vqi_local_N6_s2.npz) 2026年 08月 14日 星期五 08:02:21 CST
rerun global_linear N=6 s=1 2026年 08月 14日 星期五 08:03:06 CST
  attempt 1 failed (/home/yqc/venv-qc/bin/python train_vqi_global.py --variant global_linear --N 6 --seed 1 --out results/vqi_global_linear_N6_s1.npz) 2026年 08月 14日 星期五 08:03:28 CST
rerun global_lookup N=6 s=0 2026年 08月 14日 星期五 08:04:07 CST
  attempt 1 failed (/home/yqc/venv-qc/bin/python train_vqi_global.py --variant global_lookup --N 6 --seed 0 --out results/vqi_global_lookup_N6_s0.npz) 2026年 08月 14日 星期五 08:05:15 CST
rerun global_lookup N=6 s=1 2026年 08月 14日 星期五 08:08:55 CST
rerun local N=8 s=0 2026年 08月 14日 星期五 08:12:37 CST
rerun local N=8 s=1 2026年 08月 14日 星期五 08:14:49 CST
rerun global_lookup N=8 s=1 2026年 08月 14日 星期五 08:17:02 CST
rerun fixed decoder 2026年 08月 14日 星期五 08:23:25 CST
rerun finetune depol 2026年 08月 14日 星期五 08:23:26 CST
  attempt 1 failed (/home/yqc/venv-qc/bin/python noise_study.py --stage finetune --noise depol --level 0.005 --N 8 --model results/vqcnni_N8_s0.npz --maxiter 1500 --out results/noise_ft_depol_N8.npz) 2026年 08月 14日 星期五 08:25:28 CST
  attempt 2 failed (/home/yqc/venv-qc/bin/python noise_study.py --stage finetune --noise depol --level 0.005 --N 8 --model results/vqcnni_N8_s0.npz --maxiter 1500 --out results/noise_ft_depol_N8.npz) 2026年 08月 14日 星期五 08:27:24 CST
  attempt 3 failed (/home/yqc/venv-qc/bin/python noise_study.py --stage finetune --noise depol --level 0.005 --N 8 --model results/vqcnni_N8_s0.npz --maxiter 1500 --out results/noise_ft_depol_N8.npz) 2026年 08月 14日 星期五 08:29:10 CST
  attempt 4 failed (/home/yqc/venv-qc/bin/python noise_study.py --stage finetune --noise depol --level 0.005 --N 8 --model results/vqcnni_N8_s0.npz --maxiter 1500 --out results/noise_ft_depol_N8.npz) 2026年 08月 14日 星期五 09:42:43 CST
GAVE-UP: /home/yqc/venv-qc/bin/python noise_study.py --stage finetune --noise depol --level 0.005 --N 8 --model results/vqcnni_N8_s0.npz --maxiter 1500 --out results/noise_ft_depol_N8.npz
RERUN DONE 2026年 08月 14日 星期五 09:42:44 CST
